C51 COMPILER V8.12   GPORT                                                                 10/02/2017 00:07:37 PAGE 1   


C51 COMPILER V8.12, COMPILATION OF MODULE GPORT
OBJECT MODULE PLACED IN .\GPort.obj
COMPILER INVOKED BY: C:\Keil\C51\BIN\C51.EXE ..\..\lib\GPort.c BROWSE INCDIR(..\..\lib) DEBUG OBJECTEXTEND PRINT(.\GPort
                    -.lst) OBJECT(.\GPort.obj)

line level    source

   1          //===============================================
   2          #include "GPort.h"
   3          #include "GPortDef.h"
   4          //===============================================
   5          void GPort_Init() {
   6   1          INPUT = 0xFF;
   7   1          OUTPUT = 0x00;
   8   1      }
   9          //===============================================
  10          void GPort_Write(uchar d) {
  11   1          OUTPUT = d;
  12   1      }
  13          //===============================================
  14          uchar GPort_Read() {
  15   1          INPUT = 0xFF;
  16   1          return INPUT;
  17   1      }
  18          //===============================================


MODULE INFORMATION:   STATIC OVERLAYABLE
   CODE SIZE        =     16    ----
   CONSTANT SIZE    =   ----    ----
   XDATA SIZE       =   ----    ----
   PDATA SIZE       =   ----    ----
   DATA SIZE        =   ----    ----
   IDATA SIZE       =   ----    ----
   BIT SIZE         =   ----    ----
END OF MODULE INFORMATION.


C51 COMPILATION COMPLETE.  0 WARNING(S),  0 ERROR(S)
