C51 COMPILER V8.12   GSEOS                                                                 10/02/2017 21:22:15 PAGE 1   


C51 COMPILER V8.12, COMPILATION OF MODULE GSEOS
OBJECT MODULE PLACED IN .\GSeos.obj
COMPILER INVOKED BY: C:\Keil\C51\BIN\C51.EXE ..\..\lib\GSeos.c BROWSE INCDIR(..\..\lib) DEBUG OBJECTEXTEND PRINT(.\GSeos
                    -.lst) OBJECT(.\GSeos.obj)

line level    source

   1          //===============================================
   2          #include "GSeos.h"
   3          #include "GLed.h"
   4          #include "GButton.h"
   5          //===============================================
   6          void GSeos_Init(const uchar ms) {
   7   1          uint m_PRELOAD = (65536 - ((OSC_FREQ * ms) / (OSC_PER_INST * 1000)));    // ms
   8   1          uchar m_PRELOADH = (m_PRELOAD / 256);
   9   1          uchar m_PRELOADL = (m_PRELOAD % 256);
  10   1          T2CON = 0x00; 
  11   1          TH2 = m_PRELOADH; 
  12   1          RCAP2H = m_PRELOADH; 
  13   1          TL2 = m_PRELOADL; 
  14   1          RCAP2L = m_PRELOADL;
  15   1          ET2 = 1;
  16   1          TR2 = 1;
  17   1      }
  18          //===============================================
  19          void GSeos_Start() {
  20   1          EA = 1;
  21   1      }
  22          //===============================================
  23          void GSeos_Go_To_Sleep() {
  24   1          PCON |= 0x01;
  25   1      }
  26          //===============================================
  27          #ifdef GSDCC /* SDCC C Compiler */
              void GSeos_Update() __interrupt(INTERRUPT_TIMER_T2)       
              #else /* Keil µVision C Compiler        */
  30          void GSeos_Update() interrupt INTERRUPT_TIMER_T2 
  31          #endif
  32          {    
  33   1          TF2 = 0;
  34   1          GButton_Scan();
  35   1          GButton_Update();
  36   1          GLed_Left_Right();
  37   1      }
  38          //===============================================
  39          


MODULE INFORMATION:   STATIC OVERLAYABLE
   CODE SIZE        =    124    ----
   CONSTANT SIZE    =   ----    ----
   XDATA SIZE       =   ----    ----
   PDATA SIZE       =   ----    ----
   DATA SIZE        =   ----    ----
   IDATA SIZE       =   ----    ----
   BIT SIZE         =   ----    ----
END OF MODULE INFORMATION.


C51 COMPILATION COMPLETE.  0 WARNING(S),  0 ERROR(S)
