C51 COMPILER V8.12   MAIN                                                                  10/02/2017 22:08:59 PAGE 1   


C51 COMPILER V8.12, COMPILATION OF MODULE MAIN
OBJECT MODULE PLACED IN .\main.obj
COMPILER INVOKED BY: C:\Keil\C51\BIN\C51.EXE ..\src\main.c BROWSE INCDIR(..\..\lib) DEBUG OBJECTEXTEND PRINT(.\main.lst)
                    - OBJECT(.\main.obj)

line level    source

   1          //===============================================
   2          #include "GSch.h"
   3          #include "GStateMachine.h"
   4          //===============================================
   5          void main() {
   6   1          GSch_Init();
   7   1          GState_Init();
   8   1          
   9   1          GSch_Add_Task(GState_Light_L1, 0, 1000);
  10   1          GSch_Add_Task(GState_Light_L2, 1, 1000);
  11   1          
  12   1          GSch_Start();
  13   1          
  14   1          while(1) {
  15   2              GSch_Dispatch_Tasks();
  16   2          }
  17   1      }
  18          //===============================================


MODULE INFORMATION:   STATIC OVERLAYABLE
   CODE SIZE        =     51    ----
   CONSTANT SIZE    =   ----    ----
   XDATA SIZE       =   ----    ----
   PDATA SIZE       =   ----    ----
   DATA SIZE        =   ----    ----
   IDATA SIZE       =   ----    ----
   BIT SIZE         =   ----    ----
END OF MODULE INFORMATION.


C51 COMPILATION COMPLETE.  0 WARNING(S),  0 ERROR(S)
