C51 COMPILER V8.12   MAIN                                                                  10/02/2017 21:15:11 PAGE 1   


C51 COMPILER V8.12, COMPILATION OF MODULE MAIN
OBJECT MODULE PLACED IN .\main.obj
COMPILER INVOKED BY: C:\Keil\C51\BIN\C51.EXE ..\src\main.c BROWSE INCDIR(..\..\lib) DEBUG OBJECTEXTEND PRINT(.\main.lst)
                    - OBJECT(.\main.obj)

line level    source

   1          //===============================================
   2          #include "GInterrupt.h"
   3          #include "GButton.h"
   4          //===============================================
   5          void main() {
   6   1          GTimer_T2_Init();
   7   1          GButton_Init();
   8   1          
   9   1              GInterrupt_Start();
  10   1      
  11   1              while(1);
  12   1      }
  13          //===============================================


MODULE INFORMATION:   STATIC OVERLAYABLE
   CODE SIZE        =     11    ----
   CONSTANT SIZE    =   ----    ----
   XDATA SIZE       =   ----    ----
   PDATA SIZE       =   ----    ----
   DATA SIZE        =   ----    ----
   IDATA SIZE       =   ----    ----
   BIT SIZE         =   ----    ----
END OF MODULE INFORMATION.


C51 COMPILATION COMPLETE.  0 WARNING(S),  0 ERROR(S)
