C51 COMPILER V8.12   GBUTTON                                                               10/02/2017 21:22:15 PAGE 1   


C51 COMPILER V8.12, COMPILATION OF MODULE GBUTTON
OBJECT MODULE PLACED IN .\GButton.obj
COMPILER INVOKED BY: C:\Keil\C51\BIN\C51.EXE ..\..\lib\GButton.c BROWSE INCDIR(..\..\lib) DEBUG OBJECTEXTEND PRINT(.\GBu
                    -tton.lst) OBJECT(.\GButton.obj)

line level    source

   1          //===============================================
   2          #include "GButton.h"
   3          #include "GPortDef.h"
   4          //===============================================
   5          bit gButton_Left;
   6          bit gButton_Right;
   7          bit gButton_Warning;
   8          bit gButton_Stop;
   9          //===============================================
  10          static bit gButton_Left_Flag;
  11          static bit gButton_Right_Flag;
  12          static bit gButton_Warning_Flag;
  13          static bit gButton_Stop_Flag;
  14          //===============================================
  15          static uchar gButton_Update_Time;
  16          //===============================================
  17          void GButton_Read_Config();
  18          //===============================================
  19          void GButton_Read_Config() {
  20   1          BUTTON0 = 1;
  21   1          BUTTON1 = 1;
  22   1          BUTTON2 = 1;
  23   1          BUTTON3 = 1;
  24   1      }
  25          //===============================================
  26          void GButton_Init() {
  27   1          gButton_Left = BUTTON_OFF;
  28   1          gButton_Right = BUTTON_OFF;
  29   1          gButton_Warning = BUTTON_OFF;
  30   1          gButton_Stop = BUTTON_OFF;
  31   1          
  32   1          gButton_Left_Flag = TRUE;
  33   1          gButton_Right_Flag = TRUE;
  34   1          gButton_Warning_Flag = TRUE;
  35   1          gButton_Stop_Flag = TRUE;
  36   1          
  37   1          gButton_Update_Time = 0;
  38   1      }
  39          //===============================================
  40          void GButton_Scan() {    
  41   1          GButton_Read_Config();
  42   1          
  43   1          if(BUTTON0 == BUTTON_ON && gButton_Left_Flag == TRUE) {
  44   2              gButton_Left_Flag = FALSE;
  45   2              gButton_Update_Time = 0;
  46   2              gButton_Left = BUTTON_ON;
  47   2              gButton_Right = BUTTON_OFF;
  48   2              gButton_Warning = BUTTON_OFF;
  49   2              gButton_Stop = BUTTON_OFF;
  50   2          }
  51   1          
  52   1          if(BUTTON1 == BUTTON_ON && gButton_Right_Flag == TRUE) {
  53   2              gButton_Right_Flag = FALSE;
  54   2              gButton_Update_Time = 0;
C51 COMPILER V8.12   GBUTTON                                                               10/02/2017 21:22:15 PAGE 2   

  55   2              gButton_Left = BUTTON_OFF;
  56   2              gButton_Right = BUTTON_ON;
  57   2              gButton_Warning = BUTTON_OFF;
  58   2              gButton_Stop = BUTTON_OFF;
  59   2          }
  60   1      
  61   1          if(BUTTON2 == BUTTON_ON && gButton_Warning_Flag == TRUE) {
  62   2              gButton_Warning_Flag = FALSE;
  63   2              gButton_Update_Time = 0;
  64   2              gButton_Left = BUTTON_OFF;
  65   2              gButton_Right = BUTTON_OFF;
  66   2              gButton_Warning = BUTTON_ON;
  67   2              gButton_Stop = BUTTON_OFF;
  68   2          }
  69   1          
  70   1          if(BUTTON3 == BUTTON_ON && gButton_Stop_Flag == TRUE) {
  71   2              gButton_Stop_Flag = FALSE;
  72   2              gButton_Update_Time = 0;
  73   2              gButton_Left = BUTTON_OFF;
  74   2              gButton_Right = BUTTON_OFF;
  75   2              gButton_Warning = BUTTON_OFF;
  76   2              gButton_Stop = BUTTON_ON;
  77   2          }
  78   1      }
  79          //===============================================
  80          void GButton_Update() {    
  81   1          if(++gButton_Update_Time != 30) return;
  82   1          gButton_Update_Time = 0;
  83   1          
  84   1          gButton_Left_Flag = TRUE;
  85   1          gButton_Right_Flag = TRUE;
  86   1          gButton_Warning_Flag = TRUE;
  87   1          gButton_Stop_Flag = TRUE;
  88   1      }
  89          //===============================================


MODULE INFORMATION:   STATIC OVERLAYABLE
   CODE SIZE        =    128    ----
   CONSTANT SIZE    =   ----    ----
   XDATA SIZE       =   ----    ----
   PDATA SIZE       =   ----    ----
   DATA SIZE        =      1    ----
   IDATA SIZE       =   ----    ----
   BIT SIZE         =      8    ----
END OF MODULE INFORMATION.


C51 COMPILATION COMPLETE.  0 WARNING(S),  0 ERROR(S)
