BL51 BANKED LINKER/LOCATER V6.11                                                        10/02/2017  21:22:16  PAGE 1


BL51 BANKED LINKER/LOCATER V6.11, INVOKED BY:
C:\KEIL\C51\BIN\BL51.EXE .\main.obj, .\GLed.obj, .\GButton.obj, .\GSeos.obj TO GProject RAMSIZE (256)


MEMORY MODEL: SMALL


INPUT MODULES INCLUDED:
  .\main.obj (MAIN)
  .\GLed.obj (GLED)
  .\GButton.obj (GBUTTON)
  .\GSeos.obj (GSEOS)
  C:\KEIL\C51\LIB\C51S.LIB (?C_STARTUP)
  C:\KEIL\C51\LIB\C51S.LIB (?C?LMUL)
  C:\KEIL\C51\LIB\C51S.LIB (?C?SLDIV)
  C:\KEIL\C51\LIB\C51S.LIB (?C?ULDIV)


LINK MAP OF MODULE:  GProject (MAIN)


            TYPE    BASE      LENGTH    RELOCATION   SEGMENT NAME
            -----------------------------------------------------

            * * * * * * *   D A T A   M E M O R Y   * * * * * * *
            REG     0000H     0008H     ABSOLUTE     "REG BANK 0"
            DATA    0008H     0001H     UNIT         ?DT?GLED
            DATA    0009H     0001H     UNIT         ?DT?GBUTTON
                    000AH     0016H                  *** GAP ***
            BIT     0020H.0   0001H.0   UNIT         ?BI?GBUTTON
            BIT     0021H.0   0000H.4   UNIT         ?BI?GLED
                    0021H.4   0000H.4                *** GAP ***
            IDATA   0022H     0001H     UNIT         ?STACK

            * * * * * * *   C O D E   M E M O R Y   * * * * * * *
            CODE    0000H     0003H     ABSOLUTE     
            CODE    0003H     0014H     UNIT         ?PR?GBUTTON_INIT?GBUTTON
            CODE    0017H     0013H     UNIT         ?PR?MAIN?MAIN
                    002AH     0001H                  *** GAP ***
            CODE    002BH     0003H     ABSOLUTE     
            CODE    002EH     011DH     UNIT         ?C?LIB_CODE
            CODE    014BH     005DH     UNIT         ?PR?GLED_LEFT_RIGHT?GLED
            CODE    01A8H     0050H     UNIT         ?PR?GBUTTON_SCAN?GBUTTON
            CODE    01F8H     0044H     UNIT         ?C?LDIV
            CODE    023CH     0043H     UNIT         ?PR?GSEOS_UPDATE?GSEOS
            CODE    027FH     0032H     UNIT         ?PR?_GSEOS_INIT?GSEOS
            CODE    02B1H     0013H     UNIT         ?PR?GBUTTON_UPDATE?GBUTTON
            CODE    02C4H     0010H     UNIT         ?PR?GLED_FLASH?GLED
            CODE    02D4H     000CH     UNIT         ?PR?GLED_INIT?GLED
            CODE    02E0H     000CH     UNIT         ?C_C51STARTUP
            CODE    02ECH     0009H     UNIT         ?PR?GBUTTON_READ_CONFIG?GBUTTON
            CODE    02F5H     0004H     UNIT         ?PR?GSEOS_GO_TO_SLEEP?GSEOS
            CODE    02F9H     0003H     UNIT         ?PR?GSEOS_START?GSEOS



OVERLAY MAP OF MODULE:   GProject (MAIN)

BL51 BANKED LINKER/LOCATER V6.11                                                      10/02/2017  21:22:16  PAGE 2



SEGMENT
  +--> CALLED SEGMENT
---------------------
?PR?GSEOS_UPDATE?GSEOS
  +--> ?PR?GBUTTON_SCAN?GBUTTON
  +--> ?PR?GBUTTON_UPDATE?GBUTTON
  +--> ?PR?GLED_LEFT_RIGHT?GLED

?PR?GBUTTON_SCAN?GBUTTON
  +--> ?PR?GBUTTON_READ_CONFIG?GBUTTON

*** NEW ROOT ***************************************************

?C_C51STARTUP
  +--> ?PR?MAIN?MAIN

?PR?MAIN?MAIN
  +--> ?PR?_GSEOS_INIT?GSEOS
  +--> ?PR?GLED_INIT?GLED
  +--> ?PR?GBUTTON_INIT?GBUTTON
  +--> ?PR?GSEOS_START?GSEOS
  +--> ?PR?GSEOS_GO_TO_SLEEP?GSEOS



SYMBOL TABLE OF MODULE:  GProject (MAIN)

  VALUE           TYPE          NAME
  ----------------------------------

  -------         MODULE        MAIN
  C:0000H         SYMBOL        _ICE_DUMMY_
  D:0090H         PUBLIC        P1
  D:00B0H         PUBLIC        P3
  D:00A8H         PUBLIC        IE
  D:00B8H         PUBLIC        IP
  C:0017H         PUBLIC        main
  D:0098H         PUBLIC        SCON
  D:0088H         PUBLIC        TCON
  D:00C8H         PUBLIC        T2CON
  D:00D0H         PUBLIC        PSW
  -------         PROC          MAIN
  C:0017H         LINE#         6
  C:0017H         LINE#         7
  C:001CH         LINE#         8
  C:001FH         LINE#         9
  C:0022H         LINE#         10
  C:0025H         LINE#         12
  C:0025H         LINE#         13
  C:0028H         LINE#         14
  -------         ENDPROC       MAIN
  -------         ENDMOD        MAIN

  -------         MODULE        GLED
  C:0000H         SYMBOL        _ICE_DUMMY_
  D:0090H         PUBLIC        P1
BL51 BANKED LINKER/LOCATER V6.11                                                      10/02/2017  21:22:16  PAGE 3


  D:00B0H         PUBLIC        P3
  B:0090H.0       PUBLIC        LED0
  B:0090H.6       PUBLIC        LED6
  B:0090H.7       PUBLIC        LED7
  D:00A8H         PUBLIC        IE
  D:00B8H         PUBLIC        IP
  C:014BH         PUBLIC        GLed_Left_Right
  C:02C4H         PUBLIC        GLed_Flash
  D:0098H         PUBLIC        SCON
  D:0088H         PUBLIC        TCON
  B:0021H.0       SYMBOL        gLed_Warning
  D:0008H         SYMBOL        gLed_Left_Right_Time
  B:0021H.1       SYMBOL        gLed_Flash
  C:02D4H         PUBLIC        GLed_Init
  B:0021H.2       SYMBOL        gLed_Right
  D:00C8H         PUBLIC        T2CON
  B:0021H.3       SYMBOL        gLed_Left
  D:00D0H         PUBLIC        PSW
  -------         PROC          GLED_INIT
  C:02D4H         LINE#         18
  C:02D4H         LINE#         19
  C:02D6H         LINE#         21
  C:02D8H         LINE#         22
  C:02DAH         LINE#         23
  C:02DCH         LINE#         25
  C:02DFH         LINE#         26
  -------         ENDPROC       GLED_INIT
  -------         PROC          GLED_FLASH
  C:02C4H         LINE#         28
  C:02C4H         LINE#         29
  C:02C7H         LINE#         30
  C:02C9H         LINE#         31
  C:02CBH         LINE#         32
  C:02CCH         LINE#         33
  C:02CFH         LINE#         34
  C:02D1H         LINE#         35
  C:02D3H         LINE#         36
  C:02D3H         LINE#         37
  -------         ENDPROC       GLED_FLASH
  -------         PROC          GLED_LEFT_RIGHT
  C:014BH         LINE#         39
  C:014BH         LINE#         40
  C:0153H         LINE#         41
  C:0156H         LINE#         43
  C:0159H         LINE#         44
  C:015CH         LINE#         45
  C:015EH         LINE#         46
  C:0160H         LINE#         47
  C:0162H         LINE#         48
  C:0164H         LINE#         49
  C:0166H         LINE#         50
  C:0168H         LINE#         51
  C:016CH         LINE#         52
  C:016CH         LINE#         54
  C:016FH         LINE#         55
  C:0172H         LINE#         56
  C:0174H         LINE#         57
BL51 BANKED LINKER/LOCATER V6.11                                                      10/02/2017  21:22:16  PAGE 4


  C:0176H         LINE#         58
  C:0178H         LINE#         59
  C:017AH         LINE#         60
  C:017CH         LINE#         61
  C:017EH         LINE#         62
  C:0182H         LINE#         63
  C:0182H         LINE#         65
  C:0185H         LINE#         66
  C:0188H         LINE#         67
  C:018AH         LINE#         68
  C:018CH         LINE#         69
  C:018EH         LINE#         70
  C:0190H         LINE#         71
  C:0192H         LINE#         72
  C:0194H         LINE#         73
  C:019AH         LINE#         74
  C:019AH         LINE#         76
  C:019DH         LINE#         77
  C:019FH         LINE#         78
  C:01A1H         LINE#         79
  C:01A3H         LINE#         80
  C:01A5H         LINE#         81
  C:01A7H         LINE#         82
  C:01A7H         LINE#         83
  -------         ENDPROC       GLED_LEFT_RIGHT
  -------         ENDMOD        GLED

  -------         MODULE        GBUTTON
  C:0000H         SYMBOL        _ICE_DUMMY_
  B:0020H.0       SYMBOL        gButton_Warning_Flag
  D:0090H         PUBLIC        P1
  D:00B0H         PUBLIC        P3
  D:00A8H         PUBLIC        IE
  B:0090H.0       PUBLIC        BUTTON0
  C:02B1H         PUBLIC        GButton_Update
  B:0090H.1       PUBLIC        BUTTON1
  B:0090H.2       PUBLIC        BUTTON2
  B:0090H.3       PUBLIC        BUTTON3
  D:00B8H         PUBLIC        IP
  D:0009H         SYMBOL        gButton_Update_Time
  B:0020H.1       PUBLIC        gButton_Warning
  B:0020H.2       SYMBOL        gButton_Right_Flag
  C:01A8H         PUBLIC        GButton_Scan
  B:0020H.3       SYMBOL        gButton_Left_Flag
  D:0098H         PUBLIC        SCON
  D:0088H         PUBLIC        TCON
  C:0003H         PUBLIC        GButton_Init
  B:0020H.4       PUBLIC        gButton_Right
  B:0020H.5       SYMBOL        gButton_Stop_Flag
  B:0020H.6       PUBLIC        gButton_Left
  C:02ECH         PUBLIC        GButton_Read_Config
  D:00C8H         PUBLIC        T2CON
  B:0020H.7       PUBLIC        gButton_Stop
  D:00D0H         PUBLIC        PSW
  -------         PROC          GBUTTON_READ_CONFIG
  C:02ECH         LINE#         19
  C:02ECH         LINE#         20
BL51 BANKED LINKER/LOCATER V6.11                                                      10/02/2017  21:22:16  PAGE 5


  C:02EEH         LINE#         21
  C:02F0H         LINE#         22
  C:02F2H         LINE#         23
  C:02F4H         LINE#         24
  -------         ENDPROC       GBUTTON_READ_CONFIG
  -------         PROC          GBUTTON_INIT
  C:0003H         LINE#         26
  C:0003H         LINE#         27
  C:0005H         LINE#         28
  C:0007H         LINE#         29
  C:0009H         LINE#         30
  C:000BH         LINE#         32
  C:000DH         LINE#         33
  C:000FH         LINE#         34
  C:0011H         LINE#         35
  C:0013H         LINE#         37
  C:0016H         LINE#         38
  -------         ENDPROC       GBUTTON_INIT
  -------         PROC          GBUTTON_SCAN
  C:01A8H         LINE#         40
  C:01A8H         LINE#         41
  C:01ABH         LINE#         43
  C:01B1H         LINE#         44
  C:01B3H         LINE#         45
  C:01B6H         LINE#         46
  C:01B8H         LINE#         47
  C:01BAH         LINE#         48
  C:01BCH         LINE#         49
  C:01BEH         LINE#         50
  C:01BEH         LINE#         52
  C:01C4H         LINE#         53
  C:01C6H         LINE#         54
  C:01C9H         LINE#         55
  C:01CBH         LINE#         56
  C:01CDH         LINE#         57
  C:01CFH         LINE#         58
  C:01D1H         LINE#         59
  C:01D1H         LINE#         61
  C:01D7H         LINE#         62
  C:01D9H         LINE#         63
  C:01DCH         LINE#         64
  C:01DEH         LINE#         65
  C:01E0H         LINE#         66
  C:01E2H         LINE#         67
  C:01E4H         LINE#         68
  C:01E4H         LINE#         70
  C:01EAH         LINE#         71
  C:01ECH         LINE#         72
  C:01EFH         LINE#         73
  C:01F1H         LINE#         74
  C:01F3H         LINE#         75
  C:01F5H         LINE#         76
  C:01F7H         LINE#         77
  C:01F7H         LINE#         78
  -------         ENDPROC       GBUTTON_SCAN
  -------         PROC          GBUTTON_UPDATE
  C:02B1H         LINE#         80
BL51 BANKED LINKER/LOCATER V6.11                                                      10/02/2017  21:22:16  PAGE 6


  C:02B1H         LINE#         81
  C:02B8H         LINE#         82
  C:02BBH         LINE#         84
  C:02BDH         LINE#         85
  C:02BFH         LINE#         86
  C:02C1H         LINE#         87
  C:02C3H         LINE#         88
  -------         ENDPROC       GBUTTON_UPDATE
  -------         ENDMOD        GBUTTON

  -------         MODULE        GSEOS
  C:0000H         SYMBOL        _ICE_DUMMY_
  D:0090H         PUBLIC        P1
  D:00B0H         PUBLIC        P3
  B:00A8H.7       PUBLIC        EA
  D:00A8H         PUBLIC        IE
  D:00B8H         PUBLIC        IP
  D:00CBH         PUBLIC        RCAP2H
  D:00CAH         PUBLIC        RCAP2L
  C:023CH         PUBLIC        GSeos_Update
  D:0087H         PUBLIC        PCON
  D:0098H         PUBLIC        SCON
  D:0088H         PUBLIC        TCON
  B:00A8H.5       PUBLIC        ET2
  B:00C8H.7       PUBLIC        TF2
  D:00CDH         PUBLIC        TH2
  D:00CCH         PUBLIC        TL2
  C:02F9H         PUBLIC        GSeos_Start
  B:00C8H.2       PUBLIC        TR2
  C:027FH         PUBLIC        _GSeos_Init
  D:00C8H         PUBLIC        T2CON
  D:00D0H         PUBLIC        PSW
  C:02F5H         PUBLIC        GSeos_Go_To_Sleep
  -------         PROC          _GSEOS_INIT
  D:0007H         SYMBOL        ms
  -------         DO            
  D:0004H         SYMBOL        m_PRELOAD
  D:0007H         SYMBOL        m_PRELOADH
  D:0006H         SYMBOL        m_PRELOADL
  -------         ENDDO         
  C:027FH         LINE#         6
  C:027FH         LINE#         7
  C:029EH         LINE#         8
  C:029FH         LINE#         9
  C:02A1H         LINE#         10
  C:02A4H         LINE#         11
  C:02A6H         LINE#         12
  C:02A8H         LINE#         13
  C:02AAH         LINE#         14
  C:02ACH         LINE#         15
  C:02AEH         LINE#         16
  C:02B0H         LINE#         17
  -------         ENDPROC       _GSEOS_INIT
  -------         PROC          GSEOS_START
  C:02F9H         LINE#         19
  C:02F9H         LINE#         20
  C:02FBH         LINE#         21
BL51 BANKED LINKER/LOCATER V6.11                                                      10/02/2017  21:22:16  PAGE 7


  -------         ENDPROC       GSEOS_START
  -------         PROC          GSEOS_GO_TO_SLEEP
  C:02F5H         LINE#         23
  C:02F5H         LINE#         24
  C:02F8H         LINE#         25
  -------         ENDPROC       GSEOS_GO_TO_SLEEP
  -------         PROC          GSEOS_UPDATE
  C:023CH         LINE#         30
  C:0259H         LINE#         33
  C:025BH         LINE#         34
  C:025EH         LINE#         35
  C:0261H         LINE#         36
  C:0264H         LINE#         37
  -------         ENDPROC       GSEOS_UPDATE
  -------         ENDMOD        GSEOS

  -------         MODULE        ?C?LMUL
  C:002EH         PUBLIC        ?C?LMUL
  -------         ENDMOD        ?C?LMUL

  -------         MODULE        ?C?SLDIV
  C:01F8H         PUBLIC        ?C?SLDIV
  -------         ENDMOD        ?C?SLDIV

  -------         MODULE        ?C?ULDIV
  C:00B9H         PUBLIC        ?C?ULDIV
  -------         ENDMOD        ?C?ULDIV

*** WARNING L16: UNCALLED SEGMENT, IGNORED FOR OVERLAY PROCESS
    SEGMENT: ?PR?GLED_FLASH?GLED

Program Size: data=12.4 xdata=0 code=763
LINK/LOCATE RUN COMPLETE.  1 WARNING(S),  0 ERROR(S)
